<!DOCTYPE html><html><head><title>/solutions/google/chrome</title><link rel="canonical" href="/solutions/google/chrome"/><meta name="robots" content="noindex"><meta charset="utf-8" /><meta http-equiv="refresh" content="0; url=/solutions/google/chrome" /></head></html>
