<!DOCTYPE html><html><head><title>https://go.dev/solutions/google/firebase/</title><link rel="canonical" href="https://go.dev/solutions/google/firebase/"/><meta name="robots" content="noindex"><meta charset="utf-8" /><meta http-equiv="refresh" content="0; url=https://go.dev/solutions/google/firebase/" /></head></html>
