<?xml version="1.0" encoding="utf-8" standalone="yes" ?>
<urlset xmlns="http://www.sitemaps.org/schemas/sitemap/0.9"
        xmlns:xhtml="http://www.w3.org/1999/xhtml">
    <url>
        <loc>https://go.dev/solutions/google/</loc>
        <lastmod>2020-08-27T00:00:00+00:00</lastmod>
    </url>
    <url>
        <loc>https://go.dev/series/case-studies/</loc>
        <lastmod>2020-06-01T00:00:00+00:00</lastmod>
    </url>
    <url>
        <loc>https://go.dev/</loc>
        <lastmod>2020-06-01T00:00:00+00:00</lastmod>
    </url>
    <url>
        <loc>https://go.dev/solutions/paypal/</loc>
        <lastmod>2020-06-01T00:00:00+00:00</lastmod>
    </url>
    <url>
        <loc>https://go.dev/series/</loc>
        <lastmod>2020-06-01T00:00:00+00:00</lastmod>
    </url>
    <url>
        <loc>https://go.dev/solutions/</loc>
        <lastmod>2020-06-01T00:00:00+00:00</lastmod>
    </url>
    <url>
        <loc>https://go.dev/solutions/americanexpress/</loc>
        <lastmod>2019-12-19T00:00:00+00:00</lastmod>
    </url>
    <url>
        <loc>https://go.dev/solutions/mercadolibre/</loc>
        <lastmod>2019-11-10T16:26:31-04:00</lastmod>
    </url>
    <url>
        <loc>https://go.dev/copyright/</loc>
        <lastmod>2019-11-05T15:50:08-05:00</lastmod>
    </url>
    <url>
        <loc>https://go.dev/tos/</loc>
        <lastmod>2019-11-05T15:47:16-05:00</lastmod>
    </url>
    <url>
        <loc>https://go.dev/solutions/cloud/</loc>
        <lastmod>2019-10-04T15:26:31-04:00</lastmod>
    </url>
    <url>
        <loc>https://go.dev/solutions/clis/</loc>
        <lastmod>2019-10-04T15:26:31-04:00</lastmod>
    </url>
    <url>
        <loc>https://go.dev/series/use-cases/</loc>
        <lastmod>2019-10-04T15:26:31-04:00</lastmod>
    </url>
    <url>
        <loc>https://go.dev/solutions/webdev/</loc>
        <lastmod>2019-10-04T15:26:31-04:00</lastmod>
    </url>
    <url>
        <loc>https://go.dev/solutions/devops/</loc>
        <lastmod>2019-10-03T17:16:43-04:00</lastmod>
    </url>
    <url>
        <loc>https://go.dev/about/</loc>
        <lastmod>2019-06-25T17:51:23-04:00</lastmod>
    </url>
    <url>
        <loc>https://go.dev/solutions/google/sitereliability/</loc>
    </url>
    <url>
        <loc>https://go.dev/categories/</loc>
    </url>
    <url>
        <loc>https://go.dev/solutions/google/chrome/</loc>
    </url>
    <url>
        <loc>https://go.dev/learn/</loc>
    </url>
    <url>
        <loc>https://go.dev/solutions/google/coredata/</loc>
    </url>
    <url>
        <loc>https://go.dev/solutions/google/firebase/</loc>
    </url>
    <url>
        <loc>https://go.dev/tags/</loc>
    </url>
    
</urlset>
