<!DOCTYPE html>
<html lang="en">
<head>

<link rel="preconnect" href="https://www.googletagmanager.com">
<script >(function(w,d,s,l,i){w[l]=w[l]||[];w[l].push({'gtm.start':
  new Date().getTime(),event:'gtm.js'});var f=d.getElementsByTagName(s)[0],
  j=d.createElement(s),dl=l!='dataLayer'?'&l='+l:'';j.async=true;j.src=
  'https://www.googletagmanager.com/gtm.js?id='+i+dl;f.parentNode.insertBefore(j,f);
  })(window,document,'script','dataLayer','GTM-W8MVQXG');</script>

<meta charset="utf-8">
<meta name="description" content="Go is an open source programming language that makes it easy to build simple, reliable, and efficient software.">
<meta name="viewport" content="width=device-width, initial-scale=1">
<meta name="theme-color" content="#00add8">
<link rel="stylesheet" href="https://fonts.googleapis.com/css?family=Google+Sans:400,500,600|Work+Sans:400,500,600|Roboto:400,500,700|Open+Sans:Source+Code+Pro|Material+Icons">
<link rel="stylesheet" href="/css/styles.73fb2ccdcaa5280aaf4dffb96bf0f7621d090f417ecd7883100b759d4dc23c5d.css" integrity="sha256-c/sszcqlKAqvTf&#43;5a/D3Yh0JD0F&#43;zXiDEAt1nU3CPF0=">

  <script>(function(w,d,s,l,i){w[l]=w[l]||[];w[l].push({'gtm.start':
  new Date().getTime(),event:'gtm.js'});var f=d.getElementsByTagName(s)[0],
  j=d.createElement(s),dl=l!='dataLayer'?'&l='+l:'';j.async=true;j.src=
  'https://www.googletagmanager.com/gtm.js?id='+i+dl;f.parentNode.insertBefore(j,f);
  })(window,document,'script','dataLayer','GTM-W8MVQXG');</script>

<script src="/js/site.js"></script>
<title>Twitter - 5 billion sessions a day in realtime - go.dev</title>
<meta http-equiv="refresh" content="0; url=https://blog.twitter.com/engineering/en_us/a/2015/handling-five-billion-sessions-a-day-in-real-time.html">
</head>
<body class="Site">

<noscript><iframe src="https://www.googletagmanager.com/ns.html?id=GTM-W8MVQXG"
  height="0" width="0" style="display:none;visibility:hidden"></iframe></noscript>

<header class="Site-header js-siteHeader">
  <div class="Banner">
    <div class="Banner-inner">
      <div class="Banner-message">Black Lives Matter</div>
      <a class="Banner-action"
         href="https://support.eji.org/give/153413/#!/donation/checkout"
         target="_blank"
         rel="noopener">
         Support the Equal Justice Initiative
      </a>
    </div>
  </div>
  <div class="Header Header--dark">
    <nav class="Header-nav">
      <a href="https://go.dev/">
        <img
          class="js-headerLogo Header-logo"
          src="/images/go-logo-white.svg"
          alt="Go">
      </a>
      <div class="Header-rightContent">

<form
  class="js-searchForm SearchForm" action="https://pkg.go.dev/search" role="search">
  <button
    class="js-searchFormSubmit SearchForm-submit"
    aria-label="Search for a package">
    <svg width="18" height="18" viewBox="0 0 18 18" fill="none" xmlns="http://www.w3.org/2000/svg">
      <path fill-rule="evenodd" clip-rule="evenodd" d="M11.76 10.27L17.49 16L16 17.49L10.27 11.76C9.2 12.53 7.91 13 6.5 13C2.91 13 0 10.09 0 6.5C0 2.91 2.91 0 6.5 0C10.09 0 13 2.91 13 6.5C13 7.91 12.53 9.2 11.76 10.27ZM6.5 2C4.01 2 2 4.01 2 6.5C2 8.99 4.01 11 6.5 11C8.99 11 11 8.99 11 6.5C11 4.01 8.99 2 6.5 2Z">
      </svg>
  </button>
  <input class="SearchForm-input" aria-label="Search for a package" type="text" name="q" size="1"
         placeholder="Search for a package" autocapitalize="off" autocomplete="off" autocorrect="off"
         spellcheck="false" title="Search for a package">
        </input>
</form>

        <ul class="Header-menu">
          <li class="Header-menuItem ">
            <a href="https://go.dev/solutions" title="Why Go">Why Go</a>
          </li>
          <li class="Header-menuItem ">
            <a href="https://learn.go.dev" title="Getting Started">Getting Started</a>
          </li>
          <li class="Header-menuItem ">
            <a href="https://pkg.go.dev" title="Discover Packages">Discover Packages</a>
          </li>
          <li class="Header-menuItem ">
            <a href="https://go.dev/about" title="About">About</a>
          </li>
        </ul>
        <button class="Header-navOpen js-headerMenuButton Header-navOpen--white" aria-label="Open navigation.">
        </button>
      </div>
    </nav>

  </div>
</header>
<aside class="NavigationDrawer js-header">
  <nav class="NavigationDrawer-nav">
    <div class="NavigationDrawer-header">
      <a href="https://go.dev/">
        <img class="NavigationDrawer-logo" src="/images/go-logo-blue.svg" alt="Go.">
      </a>
    </div>
    <ul class="NavigationDrawer-list">
        <li class="NavigationDrawer-listItem  NavigationDrawer-listItem--active">
          <a href="https://go.dev/solutions" title="Why Go">Why Go</a>
        </li>
        <li class="NavigationDrawer-listItem ">
          <a href="https://learn.go.dev" title="Getting Started">Getting Started</a>
        </li>
        <li class="NavigationDrawer-listItem ">
          <a href="https://pkg.go.dev" title="Discover Packages">Discover Packages</a>
        </li>
        <li class="NavigationDrawer-listItem ">
          <a href="https://go.dev/about" title="About">About</a>
        </li>
    </ul>
  </nav>
</aside>
<div class="NavigationDrawer-scrim js-scrim" role="presentation"></div>
<main class="SiteContent SiteContent--default">
<div>
  <div class="WhoUsesSubPage-hero--caseStudy">
    <div class="WhoUsesSubPage-heroInner--caseStudy">
      <div class="WhoUsesSubPage-heroContent--caseStudy">
        <div class="WhoUsesSubPage-heroText--caseStudy">

  <div class="BreadcrumbNav">
    <ol class="BreadcrumbNav-inner">












      <li class="BreadcrumbNav-li ">
        <a class="BreadcrumbNav-link" href="https://go.dev/solutions/">

            Why Go

        </a>
      </li>





      <li class="BreadcrumbNav-li active">
        <a class="BreadcrumbNav-link" href="https://go.dev/solutions/twitter/">

            Twitter

        </a>
      </li>


    </ol>

  </div>
          <h1>Twitter - 5 billion sessions a day in realtime</h1>


        </div>

            <div class="WhoUsesSubPage-heroImg">
              <img src="/images/" alt="Twitter">
            </div>

        </div>
      </div>

  </div>
  <article class="Article Article--solutions">

      <div class="CaseStudy-content">
        <div class="CaseStudy-contentBody">

        </div>
        <div class="CaseStudy-contentAside">
          <div class="CaseStudy-aboutBlock">

            <img src="/images/logos/twitter.svg" class="CaseStudy-aboutBlockImg" alt="Twitter">
            <h3 class="CaseStudy-aboutBlockTitle">
              About Twitter
            </h3>

              <p class="CaseStudy-aboutBlockBody">We now see about five billion sessions per day, and growing. Hundreds of millions of devices send millions of events every second to the Answers endpoint. During the time that it took you to read to here, the Answers back-end will have received and processed about 10,000,000 analytics events.</p>

          </div>
        </div>
      </div>

  </article>
</div>
</main>
<footer class="Site-footer">
  <div class="Footer">
    <div class="Container">
      <div class="Footer-links">
          <div class="Footer-linkColumn">

<a href="https://go.dev/solutions" class="Footer-link Footer-link--primary" title="Why Go" data-identifier="solutions">
  Why Go
</a>


<a href="https://go.dev/solutions#use-cases" class="Footer-link" title="Use Cases" data-identifier="usecases">
  Use Cases
</a>



<a href="https://go.dev/solutions#case-studies" class="Footer-link" title="Case Studies" data-identifier="casestudies">
  Case Studies
</a>


          </div>
          <div class="Footer-linkColumn">

<a href="https://go.dev/learn" class="Footer-link Footer-link--primary" title="Getting Started" data-identifier="learn">
  Getting Started
</a>


<a href="https://play.golang.org" class="Footer-link" title="" data-identifier="">
  Playground
</a>



<a href="https://tour.golang.org" class="Footer-link" title="" data-identifier="">
  Tour
</a>



<a href="https://stackoverflow.com/questions/tagged/go?tab=Newest" class="Footer-link" title="" data-identifier="">
  Stack Overflow
</a>


          </div>
          <div class="Footer-linkColumn">

<a href="https://pkg.go.dev" class="Footer-link Footer-link--primary" title="Discover Packages" data-identifier="explore">
  Discover Packages
</a>

          </div>
          <div class="Footer-linkColumn">

<a href="https://go.dev/about" class="Footer-link Footer-link--primary" title="About" data-identifier="about">
  About
</a>


<a href="https://golang.org/dl/" class="Footer-link" title="" data-identifier="">
  Download
</a>



<a href="https://blog.golang.org" class="Footer-link" title="" data-identifier="">
  Blog
</a>



<a href="https://github.com/golang/go/issues" class="Footer-link" title="" data-identifier="">
  Issue Tracker
</a>



<a href="https://golang.org/doc/devel/release.html" class="Footer-link" title="" data-identifier="">
  Release Notes
</a>



<a href="https://blog.golang.org/go-brand" class="Footer-link" title="" data-identifier="">
  Brand Guidelines
</a>



<a href="https://golang.org/conduct" class="Footer-link" title="" data-identifier="">
  Code of Conduct
</a>


          </div>
          <div class="Footer-linkColumn">

<a href="https://www.twitter.com/golang" class="Footer-link Footer-link--primary" title="Connect" data-identifier="connect">
  Connect
</a>


<a href="https://www.twitter.com/golang" class="Footer-link" title="" data-identifier="">
  Twitter
</a>



<a href="https://github.com/golang" class="Footer-link" title="" data-identifier="">
  Github
</a>



<a href="https://invite.slack.golangbridge.org/" class="Footer-link" title="" data-identifier="">
  Slack
</a>



<a href="https://reddit.com/r/golang" class="Footer-link" title="" data-identifier="">
  r/golang
</a>



<a href="https://www.meetup.com/pro/go" class="Footer-link" title="" data-identifier="">
  Meetup
</a>



<a href="https://golangweekly.com/" class="Footer-link" title="" data-identifier="">
  Golang Weekly
</a>


          </div>
      </div>
    </div>
  </div>
  <div class="Footer">
    <div class="Container Container--fullBleed">
      <div class="Footer-bottom">
        <img class="Footer-gopher" src="/images/gophers/pilot-bust.svg" alt="The Go Gopher">
        <ul class="Footer-listRow">
          <li class="Footer-listItem">
            <a href="/copyright">Copyright</a>
          </li>
          <li class="Footer-listItem">
            <a href="/tos">Terms of Service</a>
          </li>
          <li class="Footer-listItem">
            <a href="http://www.google.com/intl/en/policies/privacy/"
              target="_blank"
              rel="noopener">
              Privacy Policy
            </a>
            </li>
          <li class="Footer-listItem">
            <a
              href="https://golang.org/s/discovery-feedback"
              target="_blank"
              rel="noopener"
              >
              Report an Issue
            </a>
          </li>
          <li class="Footer-listItem">
            <a
              href="https://golang.org"
              target="_blank"
              rel="noopener"
              >golang.org
            </a>
          </li>
        </ul>
        <a class="Footer-googleLogo" target="_blank" href="https://google.com" rel="noopener">
          <img class="Footer-googleLogoImg" src="/images/google-white.png" alt="Google logo">
        </a>
      </div>
    </div>
  </div>
  <script src="/js/carousels.js"></script>
  <script src="/js/searchBox.js"></script>
  <script src="/js/misc.js"></script>
  <script src="/js/hats.js"></script>
</footer>
</body>
</html>
